// Jest Snapshot v1, https://goo.gl/fbAQLP

exports[`matches the snapshot 1`] = `
<div
  align="center"
  className="container"
  style={
    Object {
      "paddingTop": 50,
    }
  }
>
  <div
    className="jumbotron"
  >
    <h1>
      Counter App
    </h1>
    <h4>
      Count: 
      0
    </h4>
    <br />
    <button
      className="btn btn-primary"
      disabled={false}
      id="increment"
      onClick={[Function]}
      type="button"
    >
      Increment
    </button>
         
    <button
      className="btn btn-primary"
      disabled={false}
      id="decrement"
      onClick={[Function]}
      type="button"
    >
      Decrement
    </button>
  </div>
</div>
`;
